1 st
2 st
